// Jest Snapshot v1, https://goo.gl/fbAQLP

exports[`match snapshot 1`] = `
<nav
  className="nav-wrap red"
  data-testid="navbar"
>
  <div
    className="container"
  >
    <a
      className="brand-logo"
      href="/#"
    >
      Top Movies
    </a>
  </div>
</nav>
`;
