// Jest Snapshot v1, https://goo.gl/fbAQLP

exports[`render Markdown in preview mode 1`] = `ShallowWrapper {}`;
